// Jest Snapshot v1, https://goo.gl/fbAQLP

exports[`Number component have to match default number snapshot 1`] = `
<Number
  ban={null}
  class={null}
  className={null}
  currency={null}
  currency_display={null}
  decimals={null}
  element="span"
  link={null}
  locale="nb-NO"
  nin={null}
  options={null}
  phone={null}
  selectable={null}
  value={12345678.901}
>
  <ForwardRef
    aria-label="12 345 678,9"
    className="dnb-number"
    is="span"
    lang="nb-NO"
    role="text"
  >
    <span
      aria-label="12 345 678,9"
      className="dnb-number"
      lang="nb-NO"
      role="text"
    >
      12 345 678,901
    </span>
  </ForwardRef>
</Number>
`;

exports[`Number scss have to match snapshot 1`] = `
"/*
* DNB Number
*
*/
/**
 * This file is only used to make components independent
 * so that they can get imported individually, without the core styles
 *
 */
/*
 * Utilities
 */
/*
 * Scopes
 *
 */
/*
 * Document Reset
 *
 */
/*
 * Number Component
 *
 */
/*
 * Anchor mixins
 *
 */
.dnb-number {
  speak-as: numbers;
  color: inherit; }
  .dnb-number > a {
    text-decoration: none;
    color: inherit; }
"
`;
