// Jest Snapshot v1, https://goo.gl/fbAQLP

exports[`IconPrimary component have to match snapshot 1`] = `
<IconPrimary
  alt={null}
  attributes={null}
  border={null}
  className={null}
  color={null}
  height={null}
  icon="question"
  inherit_color={true}
  modifier={null}
  size={null}
  skeleton={null}
  title={null}
  width={null}
>
  <span
    aria-hidden={true}
    aria-label="question icon"
    className="dnb-icon dnb-icon--default dnb-icon--inherit-color"
    role="presentation"
  >
    <question>
      <svg
        fill="none"
        height={16}
        viewBox="0 0 16 16"
        width={16}
        xmlns="http://www.w3.org/2000/svg"
      >
        <path
          clipRule="evenodd"
          d="M7.11907 3.65922C7.43113 3.49774 7.78159 3.42515 8.13212 3.44939C8.48265 3.47363 8.81978 3.59375 9.10665 3.79665C9.39353 3.99954 9.61911 4.27738 9.75874 4.59982C9.89837 4.92225 9.94669 5.27687 9.8984 5.6249C9.85011 5.97294 9.70707 6.30101 9.48493 6.57324C9.26279 6.84548 8.97008 7.05142 8.63881 7.16854C8.23245 7.31221 7.88065 7.57838 7.6319 7.93036C7.38323 8.28223 7.24977 8.70255 7.24992 9.13342V9.13356V9.13382V10.0276C7.24992 10.4419 7.5857 10.7776 7.99992 10.7776C8.41413 10.7776 8.74992 10.4419 8.74992 10.0276V9.13342L8.74992 9.13303C8.74985 9.01235 8.78722 8.89462 8.85687 8.79606C8.92652 8.69751 9.02503 8.62298 9.13881 8.58275C9.72934 8.37397 10.2511 8.00687 10.6471 7.52157C11.0431 7.03628 11.2981 6.45147 11.3842 5.83105C11.4702 5.21064 11.3841 4.5785 11.1352 4.00373C10.8863 3.42895 10.4842 2.93366 9.9728 2.57198C9.46141 2.21031 8.86045 1.99617 8.23558 1.95296C7.61072 1.90976 6.986 2.03916 6.42971 2.32701C5.87342 2.61487 5.40696 3.05011 5.08131 3.58516C4.75567 4.12021 4.58337 4.73448 4.58325 5.36084C4.58317 5.77505 4.9189 6.1109 5.33311 6.11098C5.74732 6.11106 6.08317 5.77534 6.08325 5.36112C6.08332 5.00975 6.17997 4.66516 6.36265 4.36501C6.54533 4.06486 6.807 3.82071 7.11907 3.65922ZM7.99992 13.9999C8.5522 13.9999 8.99992 13.5522 8.99992 12.9999C8.99992 12.4476 8.5522 11.9999 7.99992 11.9999C7.44763 11.9999 6.99992 12.4476 6.99992 12.9999C6.99992 13.5522 7.44763 13.9999 7.99992 13.9999Z"
          fill="black"
          fillRule="evenodd"
        />
      </svg>
    </question>
  </span>
</IconPrimary>
`;
