// Jest Snapshot v1, https://goo.gl/fbAQLP

exports[`FormSet component have to match snapshot 1`] = `
<FormSet
  custom_element={Object {}}
  custom_method={[Function]}
  direction="horizontal"
  disabled="disabled"
  element="form"
  no_form="no_form"
  on_submit={[Function]}
  prevent_submit="prevent_submit"
  skeleton="skeleton"
>
  <form
    className="dnb-form-set"
    onSubmit={[Function]}
  />
</FormSet>
`;

exports[`FormSet scss have to match default theme snapshot 1`] = `
"/*
 * FormSet theme
 *
 */
"
`;

exports[`FormSet scss have to match snapshot 1`] = `
"/*
* DNB FormSet
*
*/
/**
 * This file is only used to make components independent
 * so that they can get imported individually, without the core styles
 *
 */
/*
 * Utilities
 */
/*
 * Scopes
 *
 */
/*
 * Document Reset
 *
 */
.dnb-form-set {
  color: var(--color-black-80, #333);
  font-weight: var(--font-weight-basis);
  font-size: var(--font-size-small);
  font-family: var(--font-family-default);
  font-style: normal;
  line-height: var(--line-height-basis);
  word-break: break-word;
  /**
  * Ensure consistency and use the same as HTML reset -> html {...}
  * between base and code package
  */
  -moz-tab-size: 4;
  tab-size: 4;
  -moz-osx-font-smoothing: grayscale;
  -webkit-font-smoothing: antialiased;
  -webkit-tap-highlight-color: rgba(0, 0, 0, 0);
  -ms-text-size-adjust: 100%;
  -webkit-text-size-adjust: 100%;
  /**
  * 1. Remove repeating backgrounds in all browsers (opinionated).
  * 2. Add border box sizing in all browsers (opinionated).
  */
  /**
  * 1. Add text decoration inheritance in all browsers (opinionated).
  * 2. Add vertical alignment inheritance in all browsers (opinionated).
  */
  margin: 0;
  padding: 0; }
  .dnb-form-set *,
  .dnb-form-set ::before,
  .dnb-form-set ::after {
    box-sizing: border-box;
    /* 2 */
    background-repeat: no-repeat;
    /* 1 */ }
  .dnb-form-set ::before,
  .dnb-form-set ::after {
    text-decoration: inherit;
    /* 1 */
    vertical-align: inherit;
    /* 2 */ }

/*
 * FormSet component
 *
 */
"
`;
