// Jest Snapshot v1, https://goo.gl/fbAQLP

exports[`Slider component have to match snapshot 1`] = `
<Slider
  add_title="add_title"
  class="class"
  className="className"
  disabled="disabled"
  global_status_id="global_status_id"
  hide_buttons="hide_buttons"
  id="id"
  label="label"
  label_direction="horizontal"
  label_sr_only="label_sr_only"
  max={100}
  min={0}
  number_format={
    Object {
      "currency": true,
      "decimals": 0,
    }
  }
  on_change={[Function]}
  on_drag_end={[Function]}
  on_drag_start={[Function]}
  on_init={[Function]}
  on_state_update={[Function]}
  reverse="reverse"
  skeleton="skeleton"
  status={null}
  status_animation="status_animation"
  status_state="status_state"
  step={10}
  stretch="stretch"
  subtract_title="subtract_title"
  suffix="suffix"
  thump_title="thump_title"
  use_scrollwheel="use_scrollwheel"
  value={70}
  vertical="vertical"
>
  <span
    className="dnb-slider dnb-form-component className class dnb-slider__label--horizontal"
  >
    <FormLabel
      class={null}
      className={null}
      disabled={false}
      element="label"
      for_id={null}
      id="id-label"
      label_direction="horizontal"
      skeleton="skeleton"
      sr_only="label_sr_only"
      text="label"
      title={null}
      vertical={null}
    >
      <label
        className="dnb-form-label"
        disabled={false}
        id="id-label"
      >
        label
      </label>
    </FormLabel>
    <span
      className="dnb-slider__wrapper"
    >
      <AlignmentHelper
        className={null}
      >
        <span
          aria-hidden={true}
          className="dnb-alignment-helper"
        />
      </AlignmentHelper>
      <span
        className="dnb-slider__inner"
      >
        <Button
          aria-label="subtract_title"
          bounding={false}
          class={null}
          className="dnb-slider__button dnb-slider__button--subtract"
          custom_content={null}
          custom_element={null}
          custom_method={null}
          disabled={false}
          element={null}
          global_status_id={null}
          href={null}
          icon="subtract"
          icon_position="right"
          icon_size={null}
          id={null}
          innerRef={null}
          inner_ref={null}
          onClick={null}
          on_click={[Function]}
          size="small"
          skeleton="skeleton"
          status={null}
          status_animation={null}
          status_state="error"
          text={null}
          title={null}
          to={null}
          tooltip={null}
          type="button"
          variant="secondary"
          wrap={false}
        >
          <button
            aria-label="subtract_title"
            className="dnb-button dnb-button--secondary dnb-slider__button dnb-slider__button--subtract dnb-button--icon-position-right dnb-button--has-icon dnb-button--size-small"
            disabled={false}
            onClick={[Function]}
            type="button"
          >
            <Content
              aria-label="subtract_title"
              bounding={false}
              class={null}
              className="dnb-slider__button dnb-slider__button--subtract"
              content={null}
              custom_content={null}
              custom_element={null}
              custom_method={null}
              disabled={false}
              element={null}
              global_status_id={null}
              href={null}
              icon="subtract"
              icon_position="right"
              icon_size={null}
              id={null}
              innerRef={null}
              inner_ref={null}
              isIconOnly={true}
              onClick={null}
              on_click={[Function]}
              size="small"
              skeleton={false}
              status={null}
              status_animation={null}
              status_state="error"
              text={null}
              title={null}
              to={null}
              tooltip={null}
              type="button"
              variant="secondary"
              wrap={false}
            >
              <span
                className="dnb-button__alignment"
                key="button-text-empty"
              >
                â€Œ
              </span>
              <IconPrimary
                alt={null}
                aria-hidden={null}
                attributes={null}
                border={null}
                className="dnb-button__icon"
                color={null}
                height={null}
                icon="subtract"
                inherit_color={true}
                key="button-icon"
                modifier={null}
                size={null}
                skeleton={false}
                title={null}
                width={null}
              >
                <span
                  aria-hidden={true}
                  className="dnb-icon dnb-icon--default dnb-button__icon dnb-icon--inherit-color"
                  data-test-id="subtract icon"
                  role="presentation"
                >
                  <subtract>
                    <svg
                      fill="none"
                      height={16}
                      viewBox="0 0 16 16"
                      width={16}
                      xmlns="http://www.w3.org/2000/svg"
                    >
                      <path
                        d="M14 8.75C14.4142 8.75 14.75 8.41421 14.75 8C14.75 7.58579 14.4142 7.25 14 7.25V8.75ZM2 7.25C1.58579 7.25 1.25 7.58579 1.25 8C1.25 8.41421 1.58579 8.75 2 8.75V7.25ZM14 7.25H2V8.75H14V7.25Z"
                        fill="black"
                      />
                    </svg>
                  </subtract>
                </span>
              </IconPrimary>
            </Content>
          </button>
        </Button>
        <span
          className="dnb-slider__track"
          id="id"
          onMouseDown={[Function]}
          onMouseDownCapture={[Function]}
          onTouchStart={[Function]}
          onTouchStartCapture={[Function]}
        >
          <span
            className="dnb-slider__thumb"
            style={
              Object {
                "left": "70%",
              }
            }
          >
            <input
              aria-describedby="id-suffix"
              aria-labelledby="id-human id-label"
              className="dnb-slider__button-helper"
              disabled={false}
              max={100}
              min={0}
              onChange={[Function]}
              orientation="horizontal"
              step={10}
              type="range"
              value={70}
            />
            <Button
              aria-hidden={true}
              bounding={false}
              class={null}
              className={null}
              custom_content={null}
              custom_element={null}
              custom_method={null}
              disabled={false}
              element={null}
              global_status_id={null}
              href={null}
              icon={null}
              icon_position="right"
              icon_size={null}
              id={null}
              innerRef={null}
              inner_ref={null}
              onBlur={[Function]}
              onClick={null}
              onFocus={[Function]}
              onMouseDown={[Function]}
              on_click={null}
              size={null}
              skeleton="skeleton"
              status={null}
              status_animation={null}
              status_state="error"
              tabIndex="-1"
              text={null}
              title="thump_title"
              to={null}
              tooltip={null}
              type="button"
              variant="secondary"
              wrap={false}
            >
              <button
                aria-hidden={true}
                className="dnb-button dnb-button--secondary"
                disabled={false}
                onBlur={[Function]}
                onClick={[Function]}
                onFocus={[Function]}
                onMouseDown={[Function]}
                tabIndex="-1"
                title="thump_title"
                type="button"
              >
                <Content
                  aria-hidden={true}
                  bounding={false}
                  class={null}
                  className={null}
                  content={null}
                  custom_content={null}
                  custom_element={null}
                  custom_method={null}
                  disabled={false}
                  element={null}
                  global_status_id={null}
                  href={null}
                  icon={null}
                  icon_position="right"
                  icon_size={null}
                  id={null}
                  innerRef={null}
                  inner_ref={null}
                  isIconOnly={false}
                  onBlur={[Function]}
                  onClick={null}
                  onFocus={[Function]}
                  onMouseDown={[Function]}
                  on_click={null}
                  size={null}
                  skeleton={false}
                  status={null}
                  status_animation={null}
                  status_state="error"
                  tabIndex="-1"
                  text={null}
                  title="thump_title"
                  to={null}
                  tooltip={null}
                  type="button"
                  variant="secondary"
                  wrap={false}
                />
              </button>
            </Button>
          </span>
          <span
            className="dnb-slider__line dnb-slider__line__before"
            style={
              Object {
                "width": "70%",
              }
            }
          />
          <span
            className="dnb-slider__line dnb-slider__line__after"
          />
          <span
            aria-hidden={true}
            className="dnb-sr-only"
            id="id-human"
          >
            70 norske kroner
          </span>
        </span>
        <Button
          aria-label="add_title"
          bounding={false}
          class={null}
          className="dnb-slider__button dnb-slider__button--add"
          custom_content={null}
          custom_element={null}
          custom_method={null}
          disabled={false}
          element={null}
          global_status_id={null}
          href={null}
          icon="add"
          icon_position="right"
          icon_size={null}
          id={null}
          innerRef={null}
          inner_ref={null}
          onClick={null}
          on_click={[Function]}
          size="small"
          skeleton="skeleton"
          status={null}
          status_animation={null}
          status_state="error"
          text={null}
          title={null}
          to={null}
          tooltip={null}
          type="button"
          variant="secondary"
          wrap={false}
        >
          <button
            aria-label="add_title"
            className="dnb-button dnb-button--secondary dnb-slider__button dnb-slider__button--add dnb-button--icon-position-right dnb-button--has-icon dnb-button--size-small"
            disabled={false}
            onClick={[Function]}
            type="button"
          >
            <Content
              aria-label="add_title"
              bounding={false}
              class={null}
              className="dnb-slider__button dnb-slider__button--add"
              content={null}
              custom_content={null}
              custom_element={null}
              custom_method={null}
              disabled={false}
              element={null}
              global_status_id={null}
              href={null}
              icon="add"
              icon_position="right"
              icon_size={null}
              id={null}
              innerRef={null}
              inner_ref={null}
              isIconOnly={true}
              onClick={null}
              on_click={[Function]}
              size="small"
              skeleton={false}
              status={null}
              status_animation={null}
              status_state="error"
              text={null}
              title={null}
              to={null}
              tooltip={null}
              type="button"
              variant="secondary"
              wrap={false}
            >
              <span
                className="dnb-button__alignment"
                key="button-text-empty"
              >
                â€Œ
              </span>
              <IconPrimary
                alt={null}
                aria-hidden={null}
                attributes={null}
                border={null}
                className="dnb-button__icon"
                color={null}
                height={null}
                icon="add"
                inherit_color={true}
                key="button-icon"
                modifier={null}
                size={null}
                skeleton={false}
                title={null}
                width={null}
              >
                <span
                  aria-hidden={true}
                  className="dnb-icon dnb-icon--default dnb-button__icon dnb-icon--inherit-color"
                  data-test-id="add icon"
                  role="presentation"
                >
                  <add>
                    <svg
                      fill="none"
                      height={16}
                      viewBox="0 0 16 16"
                      width={16}
                      xmlns="http://www.w3.org/2000/svg"
                    >
                      <path
                        d="M7.25 14C7.25 14.4142 7.58579 14.75 8 14.75C8.41421 14.75 8.75 14.4142 8.75 14H7.25ZM8.75 2C8.75 1.58579 8.41421 1.25 8 1.25C7.58579 1.25 7.25 1.58579 7.25 2H8.75ZM14 8.75C14.4142 8.75 14.75 8.41421 14.75 8C14.75 7.58579 14.4142 7.25 14 7.25V8.75ZM2 7.25C1.58579 7.25 1.25 7.58579 1.25 8C1.25 8.41421 1.58579 8.75 2 8.75V7.25ZM8.75 14V2H7.25V14H8.75ZM14 7.25H2V8.75H14V7.25Z"
                        fill="black"
                      />
                    </svg>
                  </add>
                </span>
              </IconPrimary>
            </Content>
          </button>
        </Button>
        <Suffix
          className="dnb-slider__suffix"
          context={
            Object {
              "add_title": "add_title",
              "children": "children",
              "class": "class",
              "className": "className",
              "disabled": "disabled",
              "global_status_id": "global_status_id",
              "hide_buttons": "hide_buttons",
              "id": "id",
              "label": "label",
              "label_direction": "horizontal",
              "label_sr_only": "label_sr_only",
              "max": 100,
              "min": 0,
              "number_format": Object {
                "currency": true,
                "decimals": 0,
              },
              "on_change": [Function],
              "on_drag_end": [Function],
              "on_drag_start": [Function],
              "on_init": [Function],
              "on_state_update": [Function],
              "reverse": "reverse",
              "skeleton": "skeleton",
              "status": null,
              "status_animation": "status_animation",
              "status_state": "status_state",
              "step": 10,
              "stretch": "stretch",
              "subtract_title": "subtract_title",
              "suffix": "suffix",
              "thump_title": "thump_title",
              "use_scrollwheel": "use_scrollwheel",
              "value": 70,
              "vertical": "vertical",
            }
          }
          id="id-suffix"
        >
          <span
            className="dnb-suffix dnb-slider__suffix"
            id="id-suffix"
          >
            suffix
          </span>
        </Suffix>
      </span>
    </span>
  </span>
</Slider>
`;

exports[`Slider scss have to match snapshot 1`] = `
"/*
* DNB Slider
*
*/
/**
 * This file is only used to make components independent
 * so that they can get imported individually, without the core styles
 *
 */
/*
 * Utilities
 */
/*
 * Scopes
 *
 */
/*
 * Document Reset
 *
 */
/*
* DNB Button
*
*/
/*
* DNB icon
*
*/
/*
* Icon component
*
*/
.dnb-icon {
  display: inline-block;
  width: 1em;
  height: 1em;
  color: inherit;
  font-size: 1rem;
  line-height: 1rem;
  vertical-align: middle; }
  .dnb-icon img,
  .dnb-icon svg {
    width: inherit;
    height: inherit;
    vertical-align: top;
    shape-rendering: geometricPrecision; }
  .dnb-icon svg[width='100%'] {
    width: inherit; }
  .dnb-icon svg[height='100%'] {
    height: inherit; }
  .dnb-icon--inherit-color svg:not([fill]),
  .dnb-icon--inherit-color svg [fill] {
    fill: currentColor; }
  .dnb-icon--inherit-color svg [stroke] {
    stroke: currentColor; }
  .dnb-icon--small {
    font-size: 0.75rem; }
  .dnb-icon--default {
    font-size: 1rem; }
  .dnb-icon--medium {
    font-size: 1.5rem; }
  .dnb-icon--large {
    font-size: 2rem; }
  .dnb-icon--x-large {
    font-size: 2.5rem; }
  .dnb-icon--xx-large {
    font-size: 3rem; }
  .dnb-icon--custom-size {
    width: auto;
    height: auto; }
  .dnb-icon--auto {
    font-size: 1em; }
  .dnb-icon--auto > .dnb-icon--wrapper {
    display: inline-flex;
    align-items: center;
    justify-content: center; }
  h1 .dnb-icon,
  h2 .dnb-icon,
  h3 .dnb-icon,
  h4 .dnb-icon,
  h5 .dnb-icon,
  h6 .dnb-icon {
    vertical-align: middle; }
  .dnb-icon.dnb-skeleton {
    color: var(--skeleton-color) !important; }
    .dnb-icon.dnb-skeleton::before, .dnb-icon.dnb-skeleton::after {
      content: none !important; }
  @media screen and (-ms-high-contrast: none) {
    .dnb-icon {
      flex: none; } }

/*
* DNB FormStatus
*
*/
.dnb-form-status {
  color: var(--color-black-80, #333);
  font-weight: var(--font-weight-basis);
  font-size: var(--font-size-small);
  font-family: var(--font-family-default);
  font-style: normal;
  line-height: var(--line-height-basis);
  word-break: break-word;
  /**
  * Ensure consistency and use the same as HTML reset -> html {...}
  * between base and code package
  */
  -moz-tab-size: 4;
  tab-size: 4;
  -moz-osx-font-smoothing: grayscale;
  -webkit-font-smoothing: antialiased;
  -webkit-tap-highlight-color: rgba(0, 0, 0, 0);
  -ms-text-size-adjust: 100%;
  -webkit-text-size-adjust: 100%;
  /**
  * 1. Remove repeating backgrounds in all browsers (opinionated).
  * 2. Add border box sizing in all browsers (opinionated).
  */
  /**
  * 1. Add text decoration inheritance in all browsers (opinionated).
  * 2. Add vertical alignment inheritance in all browsers (opinionated).
  */
  margin: 0;
  padding: 0; }
  .dnb-form-status *,
  .dnb-form-status ::before,
  .dnb-form-status ::after {
    box-sizing: border-box;
    /* 2 */
    background-repeat: no-repeat;
    /* 1 */ }
  .dnb-form-status ::before,
  .dnb-form-status ::after {
    text-decoration: inherit;
    /* 1 */
    vertical-align: inherit;
    /* 2 */ }

/*
 * FormStatus component
 *
 */
:root {
  --form-status-radius: 0.25rem; }

.dnb-form-status {
  display: flex; }
  .dnb-form-status__shell {
    display: flex;
    align-items: flex-start;
    justify-content: flex-start;
    min-width: inherit;
    border-radius: var(--form-status-radius); }
  .dnb-form-status__text {
    padding: 0.625rem 1rem;
    color: inherit;
    font-size: var(--font-size-small);
    line-height: var(--line-height-small);
    white-space: normal;
    cursor: text; }
    .dnb-form-status__text .dnb-anchor {
      font-size: inherit; }
  .dnb-icon + .dnb-form-status__text {
    padding-left: 0.5rem; }
  .dnb-form-status__shell > .dnb-icon {
    display: flex;
    align-items: center;
    justify-content: center;
    margin: 0.3333333em 0.3333333em 0.3333333em 0.6666666em; }
  .dnb-form-status__size--large .dnb-form-status__text {
    padding-top: 1.125rem;
    padding-bottom: 1.125rem; }
  .dnb-form-status__size--large .dnb-form-status__shell > .dnb-icon {
    margin-top: 0.6666666em;
    margin-bottom: 0.6666666em; }
  .dnb-form-status[hidden] {
    display: none; }
  .dnb-form-status__animation--fade-in {
    max-height: 0;
    overflow: hidden;
    animation: form-status-fade-in 2s ease-out 400ms forwards; }

@keyframes form-status-fade-in {
  from {
    max-height: 0; }
  to {
    max-height: calc(var(--input-height) * 8); } }
  @media screen and (-ms-high-contrast: none) {
    .dnb-form-status__shell > .dnb-icon {
      border-width: 1px; } }

.dnb-button {
  color: var(--color-black-80, #333);
  font-weight: var(--font-weight-basis);
  font-size: var(--font-size-small);
  font-family: var(--font-family-default);
  font-style: normal;
  line-height: var(--line-height-basis);
  word-break: break-word;
  /**
  * Ensure consistency and use the same as HTML reset -> html {...}
  * between base and code package
  */
  -moz-tab-size: 4;
  tab-size: 4;
  -moz-osx-font-smoothing: grayscale;
  -webkit-font-smoothing: antialiased;
  -webkit-tap-highlight-color: rgba(0, 0, 0, 0);
  -ms-text-size-adjust: 100%;
  -webkit-text-size-adjust: 100%;
  /**
  * 1. Remove repeating backgrounds in all browsers (opinionated).
  * 2. Add border box sizing in all browsers (opinionated).
  */
  /**
  * 1. Add text decoration inheritance in all browsers (opinionated).
  * 2. Add vertical alignment inheritance in all browsers (opinionated).
  */
  margin: 0;
  padding: 0; }
  .dnb-button *,
  .dnb-button ::before,
  .dnb-button ::after {
    box-sizing: border-box;
    /* 2 */
    background-repeat: no-repeat;
    /* 1 */ }
  .dnb-button ::before,
  .dnb-button ::after {
    text-decoration: inherit;
    /* 1 */
    vertical-align: inherit;
    /* 2 */ }

/*
* Button component
*
*/
:root {
  --button-font-size: var(--font-size-basis);
  --button-font-size-small: var(--font-size-small);
  --button-width: 2.5rem;
  --button-height: 2.5rem;
  --button-width--small: 1.5rem;
  --button-height--small: 1.5rem;
  --button-width--medium: 2rem;
  --button-height--medium: 2rem;
  --button-width--large: 3rem;
  --button-height--large: 3rem;
  --button-icon-size: 1rem;
  --button-border-width: 0.0625rem;
  --button-border-width--hover: 0.1875rem;
  --button-border-radius: calc(var(--button-height) / 2);
  --button-border-radius--small: calc(var(--button-height--small) / 2);
  --button-border-radius--medium: calc(var(--button-height--medium) / 2);
  --button-border-radius--large: calc(var(--button-height--large) / 2); }

.dnb-button {
  position: relative;
  display: inline-flex;
  align-items: center;
  justify-content: center;
  width: var(--button-width);
  height: auto;
  padding: 0;
  font-size: var(--font-size-small);
  white-space: nowrap;
  text-decoration: none;
  border: var(--button-border-width) solid transparent;
  border-radius: var(--button-border-radius);
  cursor: pointer;
  -webkit-user-select: none;
  user-select: none;
  /* stylelint-disable-next-line */ }
  .dnb-button--wrap {
    white-space: normal;
    overflow-wrap: break-word; }
  .dnb-button,
  .dnb-core-style .dnb-button {
    line-height: var(--button-height); }
  .dnb-button__text {
    margin: 0.5rem 0;
    color: inherit;
    font-size: var(--button-font-size);
    line-height: var(--line-height-basis);
    transform: translateY(-0.03125rem); }
    .dnb-button__text [data-os='linux'] {
      transform: translateY(-0.035rem); }
  .dnb-button__alignment {
    display: inline-block;
    width: 0; }
  .dnb-button__bounding {
    position: absolute;
    top: 0;
    right: 0;
    bottom: 0;
    left: 0;
    background-color: transparent;
    border-radius: var(--button-border-radius);
    transform: scale(1.1, 1.4); }
  .dnb-button--has-text {
    padding-right: 1.5rem;
    padding-left: 1.5rem; }
  .dnb-button--size-small {
    width: var(--button-width--small);
    font-size: var(--button-font-size-small);
    border-radius: var(--button-border-radius--small); }
    .dnb-button--size-small,
    .dnb-core-style .dnb-button--size-small {
      line-height: var(--button-height--small); }
  .dnb-button--size-small .dnb-button__text {
    margin: 0; }
  .dnb-button--has-text.dnb-button--size-small {
    padding-right: 1rem;
    padding-left: 1rem; }
  .dnb-button--has-text.dnb-button--icon-position-left.dnb-button--size-small {
    padding-left: 0.5rem; }
  .dnb-button--has-text.dnb-button--icon-position-right.dnb-button--size-small {
    padding-right: 0.5rem; }
  .dnb-button--size-medium {
    width: var(--button-width--medium);
    border-radius: var(--button-border-radius--medium); }
    .dnb-button--size-medium,
    .dnb-core-style .dnb-button--size-medium {
      line-height: var(--button-height--medium); }
  .dnb-button--size-medium .dnb-button__text {
    margin: 0; }
  .dnb-button--has-text.dnb-button--size-medium {
    padding-right: 1rem;
    padding-left: 1rem; }
  .dnb-button--has-text.dnb-button--icon-position-left.dnb-button--size-medium {
    padding-left: 0.5rem; }
  .dnb-button--has-text.dnb-button--icon-position-right.dnb-button--size-medium {
    padding-right: 0.5rem; }
  .dnb-button--size-large {
    width: var(--button-width--large);
    border-radius: var(--button-border-radius--large); }
    .dnb-button--size-large,
    .dnb-core-style .dnb-button--size-large {
      line-height: var(--button-height--large); }
  .dnb-button--has-text.dnb-button--size-large {
    padding-right: 2rem;
    padding-left: 2rem; }
  .dnb-button--has-text.dnb-button--icon-position-left.dnb-button--size-large {
    padding-left: 1rem; }
  .dnb-button--has-text.dnb-button--icon-position-right.dnb-button--size-large {
    padding-right: 1rem; }
  .dnb-button--has-text {
    width: auto; }
  .dnb-button--has-text .dnb-button__icon {
    margin: 0 calc(var(--button-icon-size) / 2); }
  .dnb-button--has-text.dnb-button--icon-position-left {
    padding-left: 0.5rem; }
  .dnb-button--has-text.dnb-button--icon-position-right {
    padding-right: 0.5rem; }
  .dnb-button--has-text.dnb-button--has-icon .dnb-button__icon {
    order: 2; }
  .dnb-button--has-text.dnb-button--has-icon .dnb-button__text {
    order: 1; }
  .dnb-button:not(.dnb-button--has-text) .dnb-button__icon {
    width: inherit; }
  .dnb-button__icon.dnb-icon svg:not([width]):not([height]) {
    width: var(--button-icon-size);
    height: var(--button-icon-size); }
  [href] > .dnb-button__icon.dnb-icon {
    line-height: var(--button-font-size); }
  .dnb-button--has-text.dnb-button--has-icon.dnb-button--icon-position-left .dnb-button__icon, .dnb-button--has-text.dnb-button--has-icon.dnb-button--icon-position-top .dnb-button__icon {
    order: 1; }
  .dnb-button--has-text.dnb-button--has-icon.dnb-button--icon-position-left > *,
  .dnb-button--has-text.dnb-button--has-icon.dnb-button--icon-position-left .dnb-button__text, .dnb-button--has-text.dnb-button--has-icon.dnb-button--icon-position-top > *,
  .dnb-button--has-text.dnb-button--has-icon.dnb-button--icon-position-top .dnb-button__text {
    order: 2; }
  .dnb-button--reset {
    width: auto;
    height: auto;
    margin: 0;
    padding: 0;
    overflow: visible;
    color: inherit;
    font: inherit;
    line-height: inherit;
    text-align: inherit;
    background-color: transparent;
    border: none;
    border-radius: 0;
    box-shadow: none;
    appearance: none; }
    html:not([data-whatintent='touch']) .dnb-button--reset:hover[disabled] {
      cursor: not-allowed; }
    html:not([data-whatintent='touch']) .dnb-button--reset:hover:not([disabled]) {
      border: none;
      box-shadow: none; }
    .dnb-button--reset:not([disabled]):focus, .dnb-button--reset:not([disabled]):active {
      outline: none; }
      html[data-whatinput='keyboard'] .dnb-button--reset:not([disabled]):focus, html[data-whatinput='keyboard'] .dnb-button--reset:not([disabled]):active {
        --border-color: var(--color-emerald-green);
        box-shadow: 0 0 0 0.125rem var(--border-color);
        border-color: transparent; }
        @media screen and (-ms-high-contrast: none) {
          html[data-whatinput='keyboard'] .dnb-button--reset:not([disabled]):focus, html[data-whatinput='keyboard'] .dnb-button--reset:not([disabled]):active {
            box-shadow: 0 0 0 0.125rem var(--color-emerald-green); } }
    html[data-whatinput='mouse'] .dnb-button--reset:not([disabled]):focus,
    html[data-whatinput='mouse'] .dnb-button--reset:not([disabled]):active {
      color: inherit;
      border: none;
      box-shadow: none; }
  .dnb-button[type='button'], .dnb-button[type='reset'], .dnb-button[type='submit'] {
    -moz-appearance: none;
    -webkit-appearance: none;
    appearance: none; }
  .dnb-button[disabled] {
    cursor: not-allowed; }
  .dnb-form-row--vertical .dnb-form-row__content > .dnb-button {
    align-self: flex-start; }
  .dnb-form-row--horizontal .dnb-form-row__content .dnb-button__text {
    white-space: nowrap; }
  .dnb-button + .dnb-form-status {
    margin-top: 0.5rem; }
  @media screen and (-ms-high-contrast: none) {
    .dnb-button {
      flex: none; }
      .dnb-button__icon, .dnb-button__text {
        transform: translateY(-0.0625rem); } }

/* Firefox includes a hidden border which messes up button dimensions */
button.dnb-button::-moz-focus-inner {
  border: none; }

/*
* DNB FormLabel
*
*/
.dnb-form-label {
  color: var(--color-black-80, #333);
  font-weight: var(--font-weight-basis);
  font-size: var(--font-size-small);
  font-family: var(--font-family-default);
  font-style: normal;
  line-height: var(--line-height-basis);
  word-break: break-word;
  /**
  * Ensure consistency and use the same as HTML reset -> html {...}
  * between base and code package
  */
  -moz-tab-size: 4;
  tab-size: 4;
  -moz-osx-font-smoothing: grayscale;
  -webkit-font-smoothing: antialiased;
  -webkit-tap-highlight-color: rgba(0, 0, 0, 0);
  -ms-text-size-adjust: 100%;
  -webkit-text-size-adjust: 100%;
  /**
  * 1. Remove repeating backgrounds in all browsers (opinionated).
  * 2. Add border box sizing in all browsers (opinionated).
  */
  /**
  * 1. Add text decoration inheritance in all browsers (opinionated).
  * 2. Add vertical alignment inheritance in all browsers (opinionated).
  */
  margin: 0;
  padding: 0; }
  .dnb-form-label *,
  .dnb-form-label ::before,
  .dnb-form-label ::after {
    box-sizing: border-box;
    /* 2 */
    background-repeat: no-repeat;
    /* 1 */ }
  .dnb-form-label ::before,
  .dnb-form-label ::after {
    text-decoration: inherit;
    /* 1 */
    vertical-align: inherit;
    /* 2 */ }

/*
 * FormLabel component
 *
 */
.dnb-form-label {
  display: inline-block;
  width: auto;
  margin-right: 1rem;
  padding: 0;
  color: inherit;
  font-size: var(--font-size-basis);
  white-space: pre-wrap;
  text-align: left;
  vertical-align: baseline;
  word-break: normal; }
  .dnb-form-label--vertical {
    display: block;
    margin-right: 0;
    margin-bottom: 0.5rem; }
  .dnb-form-label--sr-only {
    width: 1px;
    margin: 0;
    margin-left: -1px;
    padding: 0;
    overflow: hidden;
    white-space: nowrap; }
  .dnb-form-label[for]:not([disabled]) {
    cursor: pointer;
    -webkit-user-select: none;
    user-select: none; }
  .dnb-form-label[disabled] {
    cursor: not-allowed; }
  @media screen and (-ms-high-contrast: none) {
    .dnb-form-label {
      max-width: 60vw; } }

legend.dnb-form-label {
  display: inline-block; }

.dnb-slider {
  color: var(--color-black-80, #333);
  font-weight: var(--font-weight-basis);
  font-size: var(--font-size-small);
  font-family: var(--font-family-default);
  font-style: normal;
  line-height: var(--line-height-basis);
  word-break: break-word;
  /**
  * Ensure consistency and use the same as HTML reset -> html {...}
  * between base and code package
  */
  -moz-tab-size: 4;
  tab-size: 4;
  -moz-osx-font-smoothing: grayscale;
  -webkit-font-smoothing: antialiased;
  -webkit-tap-highlight-color: rgba(0, 0, 0, 0);
  -ms-text-size-adjust: 100%;
  -webkit-text-size-adjust: 100%;
  /**
  * 1. Remove repeating backgrounds in all browsers (opinionated).
  * 2. Add border box sizing in all browsers (opinionated).
  */
  /**
  * 1. Add text decoration inheritance in all browsers (opinionated).
  * 2. Add vertical alignment inheritance in all browsers (opinionated).
  */
  margin: 0;
  padding: 0; }
  .dnb-slider *,
  .dnb-slider ::before,
  .dnb-slider ::after {
    box-sizing: border-box;
    /* 2 */
    background-repeat: no-repeat;
    /* 1 */ }
  .dnb-slider ::before,
  .dnb-slider ::after {
    text-decoration: inherit;
    /* 1 */
    vertical-align: inherit;
    /* 2 */ }

/*
* Slider component
*
*/
:root {
  --slider-track-height: 0.25rem;
  --slider-thumb-size: 2rem;
  --slider-button-size: 1.5rem;
  --slider-space: 1rem; }

.dnb-slider {
  display: flex;
  font-size: var(--font-size-small);
  line-height: var(--slider-thumb-size);
  -webkit-user-select: none;
  user-select: none; }
  .dnb-slider--stretch {
    width: 100%; }
  .dnb-slider--vertical {
    display: flex;
    width: auto;
    min-width: inherit;
    height: 100%;
    min-height: inherit; }
  .dnb-slider__wrapper {
    display: inline-flex;
    flex: 1;
    flex-direction: column;
    width: 100%; }
  .dnb-slider--vertical .dnb-slider__wrapper {
    align-items: center;
    width: auto;
    height: 100%; }
  .dnb-slider__inner {
    display: inline-flex;
    height: var(--slider-thumb-size); }
  .dnb-slider__suffix {
    align-self: center; }
  .dnb-slider--vertical .dnb-slider__suffix {
    padding-top: 0.5rem;
    padding-left: 0; }
  .dnb-slider__track {
    position: relative;
    flex: 1;
    min-width: 2rem;
    margin: 0 calc(var(--slider-space) * 1.5);
    cursor: pointer;
    touch-action: none; }
    .dnb-slider__track::before, .dnb-slider__track::after {
      content: '';
      position: absolute;
      top: 50%;
      left: 0;
      z-index: 2;
      width: var(--slider-thumb-size);
      height: var(--slider-track-height);
      background-color: inherit;
      border-radius: calc(var(--slider-track-height) / 2);
      transform: translate3d(0, -50%, 0); }
    .dnb-slider__track::before {
      right: auto;
      left: calc(1px - 1px - var(--slider-space));
      background-color: red; }
    .dnb-slider__track::after {
      right: calc(1px - 1px - var(--slider-space));
      left: auto;
      background-color: blue; }
  .dnb-slider--vertical .dnb-slider__track {
    min-width: auto;
    min-height: 2rem;
    margin: calc(var(--slider-space) * 1.5) 0; }
    .dnb-slider--vertical .dnb-slider__track::before, .dnb-slider--vertical .dnb-slider__track::after {
      left: 50%;
      width: var(--slider-track-height);
      height: var(--slider-thumb-size);
      transform: translate3d(-50%, 0, 0); }
    .dnb-slider--vertical .dnb-slider__track::before {
      top: calc(1px - 1px - var(--slider-space));
      bottom: auto; }
    .dnb-slider--vertical .dnb-slider__track::after {
      top: auto;
      bottom: calc(1px - 1px - var(--slider-space)); }
  .dnb-slider--vertical .dnb-slider__inner {
    flex-direction: column;
    width: var(--slider-thumb-size);
    min-width: inherit;
    height: inherit;
    min-height: inherit; }
  .dnb-slider--reverse .dnb-slider__track {
    transform: scaleX(-1); }
  .dnb-slider--reverse.dnb-slider--vertical .dnb-slider__track {
    transform: scaleY(-1); }
  .dnb-slider__line {
    position: absolute;
    top: 50%;
    left: 0;
    height: var(--slider-track-height);
    background-color: grey;
    transform: translate3d(0, -50%, 0); }
  .dnb-slider--vertical .dnb-slider__line {
    top: 0;
    left: 50%;
    width: var(--slider-track-height);
    height: auto;
    transform: translate3d(-50%, 0, 0); }
  .dnb-slider__line__before {
    z-index: 2; }
  .dnb-slider__line__after {
    right: 0;
    z-index: 1;
    background-color: #ddd; }
  .dnb-slider--vertical .dnb-slider__line__before {
    top: 0; }
  .dnb-slider--vertical .dnb-slider__line__after {
    bottom: 0; }
  .dnb-slider__button-helper, .dnb-slider__thumb {
    position: absolute;
    top: 0;
    left: 0;
    z-index: 3;
    display: block;
    border-radius: 50%;
    transform: translate3d(-50%, 0, 0); }
    .dnb-slider__button-helper,
    .dnb-slider__button-helper .dnb-button, .dnb-slider__thumb,
    .dnb-slider__thumb .dnb-button {
      width: var(--slider-thumb-size);
      height: var(--slider-thumb-size); }
  .dnb-slider--vertical .dnb-slider__thumb {
    transform: translate3d(0, -50%, 0); }
  .dnb-slider__button.dnb-button--size-small {
    width: var(--slider-button-size);
    height: var(--slider-button-size);
    line-height: var(--slider-button-size);
    transform: translateY(0.25rem); }
  .dnb-slider--vertical .dnb-slider__button.dnb-button--size-small {
    transform: translateX(0.25rem); }
  .dnb-slider__state--jumped .dnb-slider__thumb,
  .dnb-slider__state--jumped .dnb-slider__line {
    transition: width 250ms ease 0ms, height 250ms ease 0ms, left 250ms ease 0ms, top 250ms ease 0ms, box-shadow 250ms ease 0ms; }
  .dnb-slider__state--disabled.dnb-slider__track,
  .dnb-slider__state--disabled .dnb-slider__thumb {
    cursor: not-allowed; }
  .dnb-slider__button-helper {
    z-index: 2;
    transform: translate3d(0.0625rem, 0, 0);
    opacity: 0;
    pointer-events: none; }
  .dnb-slider__button-helper:not(:disabled):focus ~ .dnb-button {
    outline: none; }
    html[data-whatinput='keyboard'] .dnb-slider__button-helper:not(:disabled):focus ~ .dnb-button {
      --border-color: var(--color-emerald-green);
      box-shadow: 0 0 0 0.125rem var(--border-color);
      border-color: transparent; }
      @media screen and (-ms-high-contrast: none) {
        html[data-whatinput='keyboard'] .dnb-slider__button-helper:not(:disabled):focus ~ .dnb-button {
          box-shadow: 0 0 0 0.125rem var(--color-emerald-green); } }
  .dnb-slider > .dnb-form-label {
    align-self: flex-start;
    margin-right: 1rem;
    line-height: var(--slider-thumb-size); }
  .dnb-slider > .dnb-form-label--vertical {
    margin-right: 0;
    line-height: var(--line-height-basis); }
  .dnb-slider__label--vertical {
    flex-direction: column; }
  .dnb-slider__label--vertical.dnb-slider--vertical {
    align-items: center; }
    .dnb-slider__label--vertical.dnb-slider--vertical .dnb-form-label {
      width: 100%;
      margin-right: 0;
      margin-bottom: 0.5rem;
      text-align: center; }
  .dnb-slider .dnb-form-status {
    order: 2;
    margin-top: 0.5rem; }
  .dnb-slider--vertical .dnb-form-status {
    margin-top: 1rem; }
  @media screen and (max-width: 40em) {
    .dnb-responsive-component .dnb-slider {
      display: flex;
      flex-direction: column;
      align-items: flex-start;
      margin-bottom: 0.5rem; }
      .dnb-responsive-component .dnb-slider > .dnb-form-label {
        margin-bottom: 0.5rem; } }
  .dnb-slider.dnb-skeleton .dnb-slider__line,
  .dnb-slider.dnb-skeleton .dnb-slider__state--disabled .dnb-slider__line {
    background-color: var(--skeleton-color); }
  .dnb-slider.dnb-skeleton .dnb-slider__track::before, .dnb-slider.dnb-skeleton .dnb-slider__track::after,
  .dnb-slider.dnb-skeleton .dnb-slider__state--disabled.dnb-slider__track::before,
  .dnb-slider.dnb-skeleton .dnb-slider__state--disabled.dnb-slider__track::after {
    background-color: var(--skeleton-color); }
  @media screen and (-ms-high-contrast: none) {
    .dnb-slider__wrapper {
      flex: none; } }
"
`;
