// Jest Snapshot v1, https://goo.gl/fbAQLP

exports[`Section component have to match snapshot 1`] = `
<Section
  class="class"
  className="className"
  element={null}
  inner_ref={null}
  spacing="spacing"
  style={null}
  style_type="mint-green-12"
>
  <section
    className="dnb-section dnb-section--mint-green-12 dnb-section--spacing-spacing className class"
  >
    children
  </section>
</Section>
`;

exports[`Section scss have to match default theme snapshot 1`] = `
"/*
 * Section theme
 *
 */
/*
 * Anchor mixins
 *
 */
/*
 * Utilities
 */
.dnb-section--divider::after {
  color: var(--color-white);
  box-shadow: 99vw 0 0 0 currentColor, 198vw 0 0 0 currentColor, 297vw 0 0 0 currentColor, 396vw 0 0 0 currentColor, 0 0.0625rem 0 0 var(--color-mint-green-50), 99vw 0.0625rem 0 0 var(--color-mint-green-50), 0 -0.0625rem 0 0 var(--color-mint-green-50), 99vw -0.0625rem 0 0 var(--color-mint-green-50), 198vw 0.0625rem 0 0 var(--color-mint-green-50), 198vw -0.0625rem 0 0 var(--color-mint-green-50); }

.dnb-section--mint-green-12::after {
  color: var(--color-mint-green-12); }

.dnb-section--white::after {
  color: var(--color-white); }

.dnb-section--mint-green::after {
  color: var(--color-mint-green); }

.dnb-section--lavender::after {
  color: var(--color-lavender); }

.dnb-section--sand-yellow::after {
  color: var(--color-sand-yellow); }

.dnb-section--pistachio::after {
  color: var(--color-pistachio); }

.dnb-section--black-3::after {
  color: var(--color-black-3); }

.dnb-section--emerald-green {
  color: var(--color-mint-green); }
  .dnb-section--emerald-green::after {
    color: var(--color-emerald-green); }

.dnb-section--sea-green {
  color: var(--color-white); }
  .dnb-section--sea-green::after {
    color: var(--color-sea-green); }

.dnb-section--fire-red {
  color: var(--color-white); }
  .dnb-section--fire-red::after {
    color: var(--color-fire-red); }

.dnb-section--fire-red-8::after {
  color: var(--color-fire-red-8); }

.dnb-section--fire-red .dnb-anchor,
.dnb-section--emerald-green .dnb-anchor,
.dnb-section--sea-green .dnb-anchor {
  color: var(--color-white); }
  .dnb-section--fire-red .dnb-anchor:hover,
  .dnb-section--emerald-green .dnb-anchor:hover,
  .dnb-section--sea-green .dnb-anchor:hover {
    color: var(--color-sea-green); }
  .dnb-section--fire-red .dnb-anchor:focus,
  .dnb-section--emerald-green .dnb-anchor:focus,
  .dnb-section--sea-green .dnb-anchor:focus {
    color: var(--color-white);
    outline: none; }
    html[data-whatinput='keyboard'] .dnb-section--fire-red .dnb-anchor:focus, html[data-whatinput='keyboard']
    .dnb-section--emerald-green .dnb-anchor:focus, html[data-whatinput='keyboard']
    .dnb-section--sea-green .dnb-anchor:focus {
      --border-color: var(--color-black-8);
      box-shadow: 0 0 0 0.125rem var(--border-color);
      border-color: transparent; }
      @media screen and (-ms-high-contrast: none) {
        html[data-whatinput='keyboard'] .dnb-section--fire-red .dnb-anchor:focus, html[data-whatinput='keyboard']
        .dnb-section--emerald-green .dnb-anchor:focus, html[data-whatinput='keyboard']
        .dnb-section--sea-green .dnb-anchor:focus {
          box-shadow: 0 0 0 0.125rem var(--color-black-8); } }

.dnb-section--signal-orange {
  color: var(--color-ocean-green); }
  .dnb-section--signal-orange::after {
    color: var(--color-signal-orange); }

.dnb-section--signal-orange ::selection, .dnb-section--fire-red ::selection, .dnb-section--mint-green ::selection {
  background-color: var(--color-white); }
"
`;

exports[`Section scss have to match snapshot 1`] = `
"/*
* DNB Section
*
*/
/**
 * This file is only used to make components independent
 * so that they can get imported individually, without the core styles
 *
 */
/*
 * Utilities
 */
/*
 * Scopes
 *
 */
/*
 * Document Reset
 *
 */
.dnb-section {
  font-family: var(--font-family-default);
  font-weight: var(--font-weight-basis);
  font-size: var(--font-size-small);
  font-style: normal;
  line-height: var(--line-height-basis);
  color: var(--color-black-80, #333);
  -moz-osx-font-smoothing: grayscale;
  -webkit-font-smoothing: antialiased;
  -webkit-tap-highlight-color: rgba(0, 0, 0, 0);
  /**
  * Ensure consistency and use the same as HTML reset -> html {...}
  * between base and code package
  */
  -moz-tab-size: 4;
  tab-size: 4;
  -ms-text-size-adjust: 100%;
  -webkit-text-size-adjust: 100%;
  word-break: break-word;
  /**
  * 1. Remove repeating backgrounds in all browsers (opinionated).
  * 2. Add border box sizing in all browsers (opinionated).
  */
  /**
  * 1. Add text decoration inheritance in all browsers (opinionated).
  * 2. Add vertical alignment inheritance in all browsers (opinionated).
  */
  margin: 0;
  padding: 0; }
  .dnb-section *,
  .dnb-section ::before,
  .dnb-section ::after {
    background-repeat: no-repeat;
    /* 1 */
    box-sizing: border-box;
    /* 2 */ }
  .dnb-section ::before,
  .dnb-section ::after {
    text-decoration: inherit;
    /* 1 */
    vertical-align: inherit;
    /* 2 */ }

/*
 * Section component
 *
 */
.dnb-section {
  position: relative;
  display: flow-root; }
  .dnb-section::after {
    content: '';
    position: absolute;
    z-index: -15;
    left: -100vw;
    top: 0;
    width: 100vw;
    height: 100%;
    color: var(--color-mint-green-12);
    background-color: currentColor;
    box-shadow: 99vw 0 0 0 currentColor, 198vw 0 0 0 currentColor, 297vw 0 0 0 currentColor, 396vw 0 0 0 currentColor; }
  .dnb-section > .dnb-section::after {
    z-index: -14; }
  .dnb-section > .dnb-section > .dnb-section::after {
    z-index: -13; }
  .dnb-section > .dnb-section > .dnb-section > .dnb-section::after {
    z-index: -12; }
  .dnb-section > .dnb-section > .dnb-section > .dnb-section > .dnb-section::after {
    z-index: -11; }
  .dnb-section > .dnb-section > .dnb-section > .dnb-section > .dnb-section > .dnb-section::after {
    z-index: -10; }
  .dnb-section--spacing-small {
    padding-top: var(--spacing-small);
    padding-bottom: var(--spacing-small); }
  .dnb-section--spacing-medium {
    padding-top: var(--spacing-medium);
    padding-bottom: var(--spacing-medium); }
  .dnb-section--spacing, .dnb-section--spacing-default, .dnb-section--spacing-large {
    padding-top: var(--spacing-large);
    padding-bottom: var(--spacing-large); }
  .dnb-section--spacing-x-large {
    padding-top: var(--spacing-x-large);
    padding-bottom: var(--spacing-xx-large); }
  .dnb-section--spacing-xx-large {
    padding-top: var(--spacing-xx-large);
    padding-bottom: calc(var(--spacing-xx-large) + var(--spacing-small)); }
"
`;
