// Jest Snapshot v1, https://goo.gl/fbAQLP

exports[`generateTypes has to match snapshot 1`] = `
"import * as React from 'react';
export interface PrimaryComponentSpacing {
  top?: string | number | boolean;
  right?: string | number | boolean;
  bottom?: string | number | boolean;
  left?: string | number | boolean;
}
export type PrimaryComponentFoo = string | number | boolean;
export type PrimaryComponentTop = string | number | boolean;
export type PrimaryComponentRight = string | number | boolean;
export type PrimaryComponentBottom = string | number | boolean;
export type PrimaryComponentLeft = string | number | boolean;
export type PrimaryComponentSecondary = string | number | boolean;
export type PrimaryComponentSecondaryFoo = string | number | boolean;
export interface PrimaryComponentSecondarySpacing {
  secondary?: string | number | boolean;
}
export interface PrimaryComponentProps
  extends React.DOMAttributes<React.SyntheticEvent> {
  boolean?: boolean;
  number?: number;
  /**
   * Text \`spacing\` or \`children\`.
   */

  spacing?: PrimaryComponentSpacing;
  foo?: PrimaryComponentFoo;
  /**
   * Text \`margin-top\`.
   */

  top?: PrimaryComponentTop;
  /**
   * Text \`margin-right\`.
   */

  right?: PrimaryComponentRight;
  /**
   * Text \`margin-bottom\`.
   */

  bottom?: PrimaryComponentBottom;
  /**
   * Text \`margin-left\`.
   */

  left?: PrimaryComponentLeft;
  /**
   * Text \`secondary\`.
   */

  secondary?: PrimaryComponentSecondary;
  secondary_foo?: PrimaryComponentSecondaryFoo;
  secondary_spacing?: PrimaryComponentSecondarySpacing;
  /**
   * Text \`spacing\` or \`children\`.
   */

  children?: React.ReactNode;
}
export default class PrimaryComponent extends React.Component<
  PrimaryComponentProps,
  any
> {
  render(): JSX.Element;
}
"
`;
