// Jest Snapshot v1, https://goo.gl/fbAQLP

exports[`Anchor element have to match default Anchor element snapshot 1`] = `
<ForwardRef
  className="className"
  element="a"
  href="href"
  inner_ref={null}
  omitClass={true}
  target="target"
  target_blank_title="target_blank_title"
  tooltip="tooltip"
>
  <Anchor
    className="className"
    element="a"
    href="href"
    inner_ref={null}
    omitClass={true}
    target="target"
    target_blank_title="target_blank_title"
    tooltip="tooltip"
  >
    <ForwardRef
      class={null}
      className="className"
      css={null}
      element="a"
      href="href"
      inner_ref={
        Object {
          "current": <a
            class="className dnb-a"
            element="a"
            href="href"
            target="target"
          >
            text
          </a>,
        }
      }
      internalClass={null}
      is="a"
      skeleton={null}
      skeleton_method="font"
      target="target"
      target_blank_title="target_blank_title"
    >
      <Elem
        class={null}
        className="className"
        css={null}
        element="a"
        href="href"
        inner_ref={
          Object {
            "current": <a
              class="className dnb-a"
              element="a"
              href="href"
              target="target"
            >
              text
            </a>,
          }
        }
        internalClass={null}
        is="a"
        skeleton={null}
        skeleton_method="font"
        target="target"
        target_blank_title="target_blank_title"
      >
        <a
          className="className dnb-a"
          element="a"
          href="href"
          target="target"
        >
          text
        </a>
      </Elem>
    </ForwardRef>
  </Anchor>
</ForwardRef>
`;
