// Jest Snapshot v1, https://goo.gl/fbAQLP

exports[`InfoCard InfoCard scss have to match snapshot 1`] = `
"/*
* DNB InfoCard
*
*/
/**
 * This file is only used to make components independent
 * so that they can get imported individually, without the core styles
 *
 */
/*
 * Utilities
 */
/*
 * Scopes
 *
 */
/*
 * Document Reset
 *
 */
.dnb-info-card {
  font-family: var(--font-family-default);
  font-weight: var(--font-weight-basis);
  font-size: var(--font-size-small);
  font-style: normal;
  line-height: var(--line-height-basis);
  color: var(--color-black-80, #333);
  -moz-osx-font-smoothing: grayscale;
  -webkit-font-smoothing: antialiased;
  -webkit-tap-highlight-color: rgba(0, 0, 0, 0);
  /**
  * Ensure consistency and use the same as HTML reset -> html {...}
  * between base and code package
  */
  -moz-tab-size: 4;
  tab-size: 4;
  -ms-text-size-adjust: 100%;
  -webkit-text-size-adjust: 100%;
  word-break: break-word;
  /**
  * 1. Remove repeating backgrounds in all browsers (opinionated).
  * 2. Add border box sizing in all browsers (opinionated).
  */
  /**
  * 1. Add text decoration inheritance in all browsers (opinionated).
  * 2. Add vertical alignment inheritance in all browsers (opinionated).
  */
  margin: 0;
  padding: 0; }
  .dnb-info-card *,
  .dnb-info-card ::before,
  .dnb-info-card ::after {
    background-repeat: no-repeat;
    /* 1 */
    box-sizing: border-box;
    /* 2 */ }
  .dnb-info-card ::before,
  .dnb-info-card ::after {
    text-decoration: inherit;
    /* 1 */
    vertical-align: inherit;
    /* 2 */ }

/*
* InfoCard component
*
*/
.dnb-info-card {
  display: flex;
  flex-direction: row;
  background: white;
  border: 1px solid var(--color-black-8);
  border-radius: 0.25rem;
  padding: 1rem;
  box-shadow: var(--shadow-default); }
  .dnb-info-card--centered {
    flex-direction: column;
    align-items: center;
    text-align: center; }
  .dnb-info-card--content {
    flex-direction: column;
    margin-top: 0.1875rem; }
  .dnb-info-card--centered .dnb-info-card--content {
    flex-direction: column;
    margin-top: 0; }
  .dnb-info-card--icon {
    color: var(--color-emerald-green); }
  .dnb-info-card--image {
    height: 4rem;
    width: 4rem; }
  .dnb-info-card--buttons {
    display: flex;
    flex-direction: row; }
    .dnb-info-card--buttons-centered {
      flex-direction: column;
      align-items: center;
      text-align: center; }
"
`;
